[blog.minhazav.dev/research/html5-qrcode.html]
[blog.minhazav.dev/assets/main.css]
[blog.minhazav.dev/assets/custom.css]
[backblue.gif]
[fade.gif]
[index.html]
[blog.minhazav.dev/assets/css/sharebar.css]
[blog.minhazav.dev/research/html5-qrcode-2.html]
[blog.minhazav.dev/assets/img/scanapp-logo-removebg-preview.png]
[blog.minhazav.dev/research/index.html]
[pagead2.googlesyndication.com/pagead/js/f0a36.txt]
[cdnjs.cloudflare.com/ajax/libs/highlight.js/10.0.3/styles/default.min.css]
[blog.minhazav.dev/images/post24_image1.jpg]
[nodei.co/npm/html5-qrcode.png]
[raw.githubusercontent.com/mebjas/html5-qrcode/master/minified/html5-qrcode.min.js]
[blog.minhazav.dev/images/post18_image2.jpg]
[utteranc.es/client.js]
[pagead2.googlesyndication.com/pagead/js/f557a.txt]
[cdnjs.cloudflare.com/ajax/libs/highlight.js/10.0.3/highlight.min.js]
[blog.minhazav.dev/research/html5-qrcode.html]
[blog.minhazav.dev/assets/research/html5qrcode/html5-qrcode.min.js]
[blog.minhazav.dev/assets/fonts/ibm-plex-sans/ibm-plex-sans-v2-latin-300.eot]
[blog.minhazav.dev/assets/fonts/ibm-plex-sans/ibm-plex-sans-v2-latin-300d41d.eot]
[blog.minhazav.dev/assets/fonts/ibm-plex-sans/ibm-plex-sans-v2-latin-300.woff2]
[blog.minhazav.dev/assets/fonts/ibm-plex-sans/ibm-plex-sans-v2-latin-300.woff]
[blog.minhazav.dev/assets/fonts/ibm-plex-sans/ibm-plex-sans-v2-latin-300.ttf]
[blog.minhazav.dev/assets/fonts/ibm-plex-sans/ibm-plex-sans-v2-latin-300.svg]
[blog.minhazav.dev/assets/fonts/ibm-plex-sans/ibm-plex-sans-v2-latin-300italic.eot]
[blog.minhazav.dev/assets/fonts/ibm-plex-sans/ibm-plex-sans-v2-latin-300italicd41d.eot]
[blog.minhazav.dev/assets/fonts/ibm-plex-sans/ibm-plex-sans-v2-latin-300italic.woff2]
[blog.minhazav.dev/assets/fonts/ibm-plex-sans/ibm-plex-sans-v2-latin-300italic.woff]
[blog.minhazav.dev/assets/fonts/ibm-plex-sans/ibm-plex-sans-v2-latin-300italic.ttf]
[blog.minhazav.dev/assets/fonts/ibm-plex-sans/ibm-plex-sans-v2-latin-300italic.svg]
[blog.minhazav.dev/assets/fonts/ibm-plex-sans/ibm-plex-sans-v2-latin-regular.eot]
[blog.minhazav.dev/assets/fonts/ibm-plex-sans/ibm-plex-sans-v2-latin-regulard41d.eot]
[blog.minhazav.dev/assets/fonts/ibm-plex-sans/ibm-plex-sans-v2-latin-regular.woff2]
[blog.minhazav.dev/assets/fonts/ibm-plex-sans/ibm-plex-sans-v2-latin-regular.woff]
[blog.minhazav.dev/assets/fonts/ibm-plex-sans/ibm-plex-sans-v2-latin-regular.ttf]
[blog.minhazav.dev/assets/fonts/ibm-plex-sans/ibm-plex-sans-v2-latin-regular.svg]
[blog.minhazav.dev/assets/fonts/ibm-plex-sans/ibm-plex-sans-v2-latin-500.eot]
[blog.minhazav.dev/assets/fonts/ibm-plex-sans/ibm-plex-sans-v2-latin-500d41d.eot]
[blog.minhazav.dev/assets/fonts/ibm-plex-sans/ibm-plex-sans-v2-latin-500.woff2]
[blog.minhazav.dev/assets/fonts/ibm-plex-sans/ibm-plex-sans-v2-latin-500.woff]
[blog.minhazav.dev/assets/fonts/ibm-plex-sans/ibm-plex-sans-v2-latin-500.ttf]
[blog.minhazav.dev/assets/fonts/ibm-plex-sans/ibm-plex-sans-v2-latin-500.svg]
[blog.minhazav.dev/assets/fonts/ubuntu/ubuntu-v14-latin-300.eot]
[blog.minhazav.dev/assets/fonts/ubuntu/ubuntu-v14-latin-300d41d.eot]
[blog.minhazav.dev/assets/fonts/ubuntu/ubuntu-v14-latin-300.woff2]
[blog.minhazav.dev/assets/fonts/ubuntu/ubuntu-v14-latin-300.woff]
[blog.minhazav.dev/assets/fonts/ubuntu/ubuntu-v14-latin-300.ttf]
[blog.minhazav.dev/assets/fonts/ubuntu/ubuntu-v14-latin-300.svg]
[blog.minhazav.dev/assets/fonts/ubuntu/ubuntu-v14-latin-regular.eot]
[blog.minhazav.dev/assets/fonts/ubuntu/ubuntu-v14-latin-regulard41d.eot]
[blog.minhazav.dev/assets/fonts/ubuntu/ubuntu-v14-latin-regular.woff2]
[blog.minhazav.dev/assets/fonts/ubuntu/ubuntu-v14-latin-regular.woff]
[blog.minhazav.dev/assets/fonts/ubuntu/ubuntu-v14-latin-regular.ttf]
[blog.minhazav.dev/assets/fonts/ubuntu/ubuntu-v14-latin-regular.svg]
[blog.minhazav.dev/assets/fonts/hack/Hack-Regular-webfont.eot]
[blog.minhazav.dev/assets/fonts/hack/Hack-Regular-webfontd41d.eot]
[blog.minhazav.dev/assets/fonts/hack/Hack-Regular-webfont.woff2]
[blog.minhazav.dev/assets/fonts/hack/Hack-Regular-webfont.woff]
[blog.minhazav.dev/assets/fonts/hack/Hack-Regular-webfont.ttf]
[blog.minhazav.dev/assets/main.css]
[blog.minhazav.dev/assets/fonts/hack/Hack-Regular-webfont.svg]
[blog.minhazav.dev/images/common/stack-overflow.png]
[blog.minhazav.dev/assets/custom.css]
[blog.minhazav.dev/assets/css/sharebar.css]
[blog.minhazav.dev/research/html5-qrcode-2.html]
[blog.minhazav.dev/images/post14_image1.png]
[blog.minhazav.dev/research/vision.html]
[blog.minhazav.dev/images/vision.jpg]
[blog.minhazav.dev/research/exposure-fusion.html]
[blog.minhazav.dev/assets/research/exposure_fusion/DRI-enfuse.jpg]
[blog.minhazav.dev/research/sudoku-solver.html]
[blog.minhazav.dev/assets/research/sudoku-solver/data.jpg]
[blog.minhazav.dev/research/face-js.html]
[blog.minhazav.dev/assets/research/face-js/face-js.gif]
[blog.minhazav.dev/research/webgl.html]
[upload.wikimedia.org/wikipedia/commons/thumb/2/25/WebGL_Logo.svg/1200px-WebGL_Logo.svg.png]
[blog.minhazav.dev/research/rock-paper-scissor.html]
[blog.minhazav.dev/assets/research/rockpaperscissor/rps.png]
[blog.minhazav.dev/research/jquery-digital-write.html]
[blog.minhazav.dev/assets/research/jquery-digital-write/jquery-digital-write.png]
[blog.minhazav.dev/research/jquery-sticky-elements.html]
[blog.minhazav.dev/assets/research/jquerystickyelements/sticky.png]
[blog.minhazav.dev/research/index.html]
[blog.minhazav.dev/assets/js/jquery.js]
[cdnjs.cloudflare.com/ajax/libs/highlight.js/10.0.3/styles/default.min.css]
[raw.githubusercontent.com/mebjas/html5-qrcode/master/minified/html5-qrcode.min.js]
[blog.minhazav.dev/assets/fonts/ibm-plex-sans/ibm-plex-sans-v2-latin-300.svg]
[blog.minhazav.dev/assets/fonts/ibm-plex-sans/ibm-plex-sans-v2-latin-300italic.svg]
[blog.minhazav.dev/assets/fonts/ibm-plex-sans/ibm-plex-sans-v2-latin-regular.svg]
[blog.minhazav.dev/assets/fonts/ibm-plex-sans/ibm-plex-sans-v2-latin-500.svg]
[blog.minhazav.dev/assets/fonts/ubuntu/ubuntu-v14-latin-300.svg]
[blog.minhazav.dev/assets/fonts/ubuntu/ubuntu-v14-latin-regular.svg]
[blog.minhazav.dev/assets/fonts/hack/Hack-Regular-webfont.html]
[blog.minhazav.dev/assets/fonts/hack/Hack-Regular-webfont.svg]
[blog.minhazav.dev/assets/research/vision/library.js]
[blog.minhazav.dev/assets/research/vision/operators.js]
[blog.minhazav.dev/assets/research/vision/app.js]
[blog.minhazav.dev/research/vision.html]
[blog.minhazav.dev/assets/research/exposure_fusion/d1/1.jpg]
[blog.minhazav.dev/assets/research/exposure_fusion/d1/2.jpg]
[blog.minhazav.dev/assets/research/exposure_fusion/d1/3.jpg]
[blog.minhazav.dev/assets/research/exposure_fusion/exposure_map.png]
[blog.minhazav.dev/assets/research/exposure_fusion/merge.png]
[blog.minhazav.dev/assets/research/exposure_fusion/normalized.png]
[blog.minhazav.dev/assets/research/exposure_fusion/ef.js]
[blog.minhazav.dev/research/exposure-fusion.html]
[blog.minhazav.dev/research/sudoku-solver.html]
[blog.minhazav.dev/research/face-js.html]
[github.com/mebjas/mebjas.github.io/blob/master/assets/research/exposure_fusion/ef.html]
[blog.minhazav.dev/assets/research/webgl/app.js]
[blog.minhazav.dev/research/webgl.html]
[blog.minhazav.dev/assets/research/rockpaperscissor/main.css]
[cdnjs.cloudflare.com/ajax/libs/socket.io/1.7.3/socket.io.min.js]
[blog.minhazav.dev/assets/research/rockpaperscissor/rps.js]
[blog.minhazav.dev/research/_]
[blog.minhazav.dev/assets/research/rockpaperscissor/rock.png]
[blog.minhazav.dev/assets/research/rockpaperscissor/paper.png]
[blog.minhazav.dev/assets/research/rockpaperscissor/scissors.png]
[blog.minhazav.dev/assets/research/rockpaperscissor/user_arrow.png]
[blog.minhazav.dev/assets/research/rockpaperscissor/agent_arrow.png]
[blog.minhazav.dev/research/rock-paper-scissor.html]
[buttons.github.io/buttons.js]
[blog.minhazav.dev/assets/research/jquery-digital-write/jquery.digitalwrite.min.js]
[blog.minhazav.dev/research/jquery-digital-write.html]
[blog.minhazav.dev/assets/research/jquerystickyelements/icons/external-link.png]
[docs.opencv.org/3.4.0/opencv.js]
[blog.minhazav.dev/assets/research/jquerystickyelements/icons/share-alt-square.png]
[blog.minhazav.dev/assets/research/jquerystickyelements/icons/cool.png]
[blog.minhazav.dev/assets/research/jquerystickyelements/icons/github.png]
[blog.minhazav.dev/assets/research/jquerystickyelements/icons/html5.png]
[blog.minhazav.dev/assets/research/jquerystickyelements/icons/console.png]
[blog.minhazav.dev/assets/research/jquerystickyelements/icons/code.png]
[blog.minhazav.dev/assets/research/jquerystickyelements/icons/chrome.png]
[blog.minhazav.dev/assets/research/jquerystickyelements/icons/firefox.png]
[blog.minhazav.dev/assets/research/jquerystickyelements/icons/opera.png]
[blog.minhazav.dev/assets/research/jquerystickyelements/icons/IE.png]
[blog.minhazav.dev/assets/research/jquerystickyelements/icons/safari.png]
[blog.minhazav.dev/assets/research/jquerystickyelements/jquery.sticky.elements.js]
[blog.minhazav.dev/research/jquery-sticky-elements.html]
[github.githubassets.com/assets/light-b03f3373f0e7.css]
[github.githubassets.com/assets/dark-574f3bda934d.css]
[github.githubassets.com/assets/dark_dimmed-3f3b94598493.css]
[github.githubassets.com/assets/dark_high_contrast-3c382e4ea57f.css]
[github.githubassets.com/assets/dark_colorblind-3d9d29921e03.css]
[github.githubassets.com/assets/light_colorblind-3fe543a19155.css]
[github.githubassets.com/assets/light_high_contrast-df7ba5cd4800.css]
[github.githubassets.com/assets/frameworks-e596e281223b.css]
[github.githubassets.com/assets/behaviors-ec3a7f667f73.css]
[github.githubassets.com/assets/github-360486531401.css]
[github.githubassets.com/assets/runtime-0577c071a6f1.js]
[github.githubassets.com/assets/environment-ffad00dbfe9d.js]
[github.githubassets.com/assets/5329-98db7da29ab9.js]
[github.githubassets.com/assets/2486-f67fca0c597b.js]
[github.githubassets.com/assets/8475-a8d2fbd0d71b.js]
[github.githubassets.com/assets/github-elements-1ff179d0df8c.js]
[github.githubassets.com/assets/element-registry-80cb80af387f.js]
[github.githubassets.com/assets/5724-640299416084.js]
[github.githubassets.com/assets/5388-1dbf1debd575.js]
[github.githubassets.com/assets/93-8fdb428884fb.js]
[github.githubassets.com/assets/8932-24f1e0ea55c2.js]
[github.githubassets.com/assets/1717-85e1b724ca10.js]
[github.githubassets.com/assets/901-9f6a0af8bf5a.js]
[github.githubassets.com/assets/3682-fd5ef6e35238.js]
[github.githubassets.com/assets/3932-1c09319f0f53.js]
[github.githubassets.com/assets/3826-e99d38da90c8.js]
[github.githubassets.com/assets/5222-cafcc8852ca7.js]
[github.githubassets.com/assets/behaviors-d0a3ebd5f1cd.js]
[github.githubassets.com/assets/7749-832f2a20ce72.js]
[github.githubassets.com/assets/notifications-global-5d60a9c84432.js]
[github.githubassets.com/assets/4978-0971b4248c4c.js]
[github.githubassets.com/assets/optimizely-6aaf1a95a394.js]
[github.githubassets.com/assets/90-c721876308de.js]
[github.githubassets.com/assets/6813-018aadde1dde.js]
[github.githubassets.com/assets/6637-7d558462bc0d.js]
[github.githubassets.com/assets/6791-fd095480ee5c.js]
[github.githubassets.com/assets/repositories-208c4af0585c.js]
[github.githubassets.com/assets/diffs-4d6dfbc79b2d.js]
[github.com/fluidicon.png]
[github.githubassets.com/favicons/favicon.png]
[github.com/login69f7.html]
[github.com/mebjas/mebjas.github.io/blob/37b6ef86ed96cb42f3f4a2350abcdd8f658a79f2/assets/research/exposure_fusion/ef.html]
[github.com/mebjas/mebjas.github.io/blob/{{ urlEncodedRefName }}/assets/research/exposure_fusion/ef.9c.delayed]
[github.com/mebjas/mebjas.github.io/contributors/master/assets/research/exposure_fusion/ef.html]
[raw.githubusercontent.com/mebjas/mebjas.github.io/master/assets/research/exposure_fusion/ef.js]
[github.com/mebjas/mebjas.github.io/blame/master/assets/research/exposure_fusion/ef.html]
[github.com/mebjas/mebjas.github.io/blob/master/assets/research/exposure_fusion/{{ revealButtonHref }}.a1.delayed]
[github.com/mebjas/mebjas.github.io/blob/master/assets/research/exposure_fusion/assets/research/exposure_fusion/ef.a2.delayed]
[github.com/mebjas/mebjas.github.io/blob/master/assets/research/exposure_fusion/ef.html]
[blog.minhazav.dev/assets/research/rockpaperscissor/main.css]
[blog.minhazav.dev/research/_.html]
[github.githubassets.com/assets/light-b03f3373f0e7.css]
[github.githubassets.com/assets/dark-574f3bda934d.css]
[github.githubassets.com/assets/dark_dimmed-3f3b94598493.css]
[github.githubassets.com/assets/dark_high_contrast-3c382e4ea57f.css]
[github.githubassets.com/assets/dark_colorblind-3d9d29921e03.css]
[github.githubassets.com/assets/light_colorblind-3fe543a19155.css]
[github.githubassets.com/assets/light_high_contrast-df7ba5cd4800.css]
[github.com/mebjas/mebjas.github.io/blame/37b6ef86ed96cb42f3f4a2350abcdd8f658a79f2/assets/research/exposure_fusion/ef.html]
[github.githubassets.com/images/spinners/octocat-spinner-16px.gif]
[github.githubassets.com/images/modules/ajax/success.png]
[github.githubassets.com/images/modules/ajax/error.png]
[github.githubassets.com/images/spinners/octocat-spinner-32.gif]
[github.githubassets.com/images/modules/ajax/success@2x.png]
[github.githubassets.com/images/modules/ajax/error@2x.png]
[github.githubassets.com/images/spinners/octocat-spinner-32-EAF2F5.gif]
[github.githubassets.com/images/spinners/octocat-spinner-16px-EAF2F5.gif]
[github.githubassets.com/assets/frameworks-e596e281223b.css]
[github.githubassets.com/images/modules/pagehead/background-yellowhatch-v3.png]
[github.githubassets.com/assets/behaviors-ec3a7f667f73.css]
[github.githubassets.com/images/spinners/octocat-spinner-64.gif]
[github.githubassets.com/images/modules/site/codespaces/dropdown-background-light.png]
[github.githubassets.com/images/modules/site/codespaces/dropdown-background-dark.png]
[github.githubassets.com/images/modules/commit/trans_bg.gif]
[github.githubassets.com/images/spinners/octocat-spinner-128.gif]
[github.githubassets.com/images/modules/memexes/projects-beta-banner-mobile.png]
[github.githubassets.com/images/modules/memexes/projects-beta-banner.png]
[github.githubassets.com/images/modules/memexes/projects-beta-banner-dark.png]
[github.githubassets.com/images/modules/site/sponsors/heart-explosion.png]
[github.githubassets.com/assets/github-360486531401.css]
[github.githubassets.com/assets/6852-8fd69ae26637.js]
[github.githubassets.com/assets/4569-583d355d1522.js]
[github.githubassets.com/assets/settings-6ae02ddb447f.js]
[github.githubassets.com/assets/sessions-fd09cd7ebb4f.js]
[github.githubassets.com/assets/unsupported-3d93889e4dbe.js]
[github.com/opensearch.xml]
[github.com/login.html]
[github.com/manifest.json]
[github.com/logine7b6.html]
[github.com/password_reset.html]
[github.com/signupa2d7.html]
[github.com/login69f7.html]
[github.com/mebjas/mebjas.github.io/blob/37b6ef86ed96cb42f3f4a2350abcdd8f658a79f2/assets/research/exposure_fusion/ef.html]
[github.com/mebjas/mebjas.github.io/blob/{{ urlEncodedRefName }}/assets/research/exposure_fusion/ef.html]
[github.com/mebjas/mebjas.github.io/commits/master/assets/research/exposure_fusion/ef.html]
[github.com/mebjas/mebjas.github.io/contributors-list/master/assets/research/exposure_fusion/ef.html]
[github.com/mebjas/mebjas.github.io/contributors/master/assets/research/exposure_fusion/ef.html]
[raw.githubusercontent.com/mebjas/mebjas.github.io/master/assets/research/exposure_fusion/ef.js]
[github.com/login9ec8.html]
[github.com/mebjas/mebjas.github.io/blame/master/assets/research/exposure_fusion/ef.html]
[github.com/mebjas/mebjas.github.io/blob/master/assets/research/exposure_fusion/{{ revealButtonHref }}.html]
[github.com/mebjas/mebjas.github.io/blob/master/assets/research/exposure_fusion/assets/research/exposure_fusion/ef.html]
[github.com/mebjas/mebjas.github.io/blame/37b6ef86ed96cb42f3f4a2350abcdd8f658a79f2/assets/research/exposure_fusion/ef.html]
[github.com/mebjas/mebjas.github.io/blame/dacdca711f55b226e06342a90634f025373fbc71/assets/research/exposure_fusion/ef.html]
[github.com/login.html]
[github.com/signup3060.html]
[github.com/logine7b6.html]
[github.com/signup19d0.html]
[github.githubassets.com/assets/signup-7cc28b98dc3e.js]
[github.com/password_reset.html]
[github.githubassets.com/assets/signup-a788adff03c1.css]
[github.githubassets.com/assets/signup-redesign-c269f75dec5e.js]
[github.githubassets.com/assets/site-f647a87a7546.css]
[github.githubassets.com/assets/home-38cc7c7f9afd.css]
[github.com/email_validity_checks.d9.delayed]
[github.com/password_validity_checks.da.delayed]
[github.com/signup_check/username.db.delayed]
[github.com/signupa2d7.html]
[github.com/login9ae8.html]
[github.com/mebjas/mebjas.github.io/blob/84e905b6a914c3807904134619737d39fa52451d/assets/research/exposure_fusion/ef.html]
[github.com/mebjas/mebjas.github.io/commits/master/assets/research/exposure_fusion/ef.html]
[github.com/mebjas/mebjas.github.io/contributors-list/master/assets/research/exposure_fusion/ef.html]
[github.com/mebjas/mebjas.github.io/blob/05355ef7f2e7d001305788b75446eeded3a5210d/assets/research/exposure_fusion/ef.html]
[github.com/login9ec8.html]
[github.com/mebjas/mebjas.github.io/blame/dacdca711f55b226e06342a90634f025373fbc71/assets/research/exposure_fusion/ef.html]
[github.com/signup066a.html]
[github.com/signup3060.html]
[github.com/signup19d0.html]
[github.com/login9be0.html]
[github.githubassets.com/images/modules/signup/launch_codes/bg.jpg]
[github.githubassets.com/assets/signup-a788adff03c1.css]
[github.githubassets.com/assets/site-f647a87a7546.css]
[github.githubassets.com/assets/home-38cc7c7f9afd.css]
[github.com/email_validity_checks.html]
[github.com/password_validity_checks.html]
[github.com/signup_check/username.html]
[github.com/login9ae8.html]
[github.com/mebjas/mebjas.github.io/blob/84e905b6a914c3807904134619737d39fa52451d/assets/research/exposure_fusion/ef.html]
[github.com/mebjas/mebjas.github.io/blob/05355ef7f2e7d001305788b75446eeded3a5210d/assets/research/exposure_fusion/ef.html]
[github.com/signup066a.html]
[github.com/signup730b.html]
[github.com/login9be0.html]
[github.com/signup730b.html]
[github.com/signup0e38.html]
[github.com/signup0e38.html]
